Microchip MPLAB XC8 Compiler V1.40 ()

Linker command line:

-W-3 --edf=C:\Program Files (x86)\Microchip\xc8\v1.40\dat\en_msgs.txt -cs \
  -h+dist/default/production\Esteganografia.X.production.sym \
  --cmf=dist/default/production\Esteganografia.X.production.cmf -z \
  -Q18F4550 -oC:\Users\clint\AppData\Local\Temp\s768.2 \
  -Mdist/default/production/Esteganografia.X.production.map -E1 -ver=XC8 \
  -ASTACK=00h-00h -pstack=STACK -ACODE=00h-07FFFh -ACONST=00h-07FFFh \
  -ASMALLCONST=0800h-08FFhx120 -AMEDIUMCONST=0800h-07FFFh -ACOMRAM=01h-05Fh \
  -AABS1=00h-07FFh -ABIGRAM=01h-07FFh -ARAM=060h-0FFh,0100h-01FFhx7 \
  -ABANK0=060h-0FFh -ABANK1=0100h-01FFh -ABANK2=0200h-02FFh \
  -ABANK3=0300h-03FFh -ABANK4=0400h-04FFh -ABANK5=0500h-05FFh \
  -ABANK6=0600h-06FFh -ABANK7=0700h-07FFh -ASFR=0F60h-0FFFh \
  -preset_vec=00h,intcode,intcodelo,powerup,init -pramtop=0800h \
  -psmallconst=SMALLCONST -pmediumconst=MEDIUMCONST -pconst=CONST \
  -AFARRAM=00h-00h -ACONFIG=0300000h-030000Dh -pconfig=CONFIG \
  -AIDLOC=0200000h-0200007h -pidloc=IDLOC -AEEDATA=0F00000h-0F000FFh \
  -peeprom_data=EEDATA \
  -prdata=COMRAM,nvrram=COMRAM,nvbit=COMRAM,rbss=COMRAM,rbit=COMRAM \
  -pfarbss=FARRAM,fardata=FARRAM,nvFARRAM=FARRAM \
  -pintsave_regs=BIGRAM,bigbss=BIGRAM,bigdata=BIGRAM -pbss=RAM \
  -pidata=CODE,irdata=CODE,ibigdata=CODE,ifardata=CODE -prparam=COMRAM \
  C:\Users\clint\AppData\Local\Temp\s768.obj \
  dist/default/production\Esteganografia.X.production.obj 

Object code version is 3.11

Machine type is 18F4550

Call graph: (short form)




                Name                               Link     Load   Length Selector   Space Scale
C:\Users\clint\AppData\Local\Temp\s768.obj
                init                                  0        0        4        0       0
                idloc                            200000   200000        8   200000       0
                config                           300000   300000        E   300000       0
dist/default/production\Esteganografia.X.production.obj
                smallconst                          800      800       30      400       0
                text9                              125A     125A       CC      830       0
                text8                              1326     1326       76      830       0
                text7                              14D4     14D4       12      830       0
                text6                              139C     139C       52      830       0
                text5                              13EE     13EE       42      830       0
                text4                              14E6     14E6        C      830       0
                text3                               FF8      FF8      142      830       0
                text2                              146C     146C       3A      830       0
                text1                              113A     113A      120      830       0
                text0                              1430     1430       3C      830       0
                cstackCOMRAM                          1        1       2F        1       1
                dataBIGRAM                           38       38      7C8       38       1
                cinit                              14A6     14A6       2E      830       0
                idataBIGRAM                         830      830      7C8      830       0

TOTAL           Name                               Link     Load   Length     Space
        CLASS   STACK          

        CLASS   CODE           
                init                                  0        0        4         0
                text9                              125A     125A       CC         0
                text8                              1326     1326       76         0
                text7                              14D4     14D4       12         0
                text6                              139C     139C       52         0
                text5                              13EE     13EE       42         0
                text4                              14E6     14E6        C         0
                text3                               FF8      FF8      142         0
                text2                              146C     146C       3A         0
                text1                              113A     113A      120         0
                text0                              1430     1430       3C         0
                cinit                              14A6     14A6       2E         0
                idataBIGRAM                         830      830      7C8         0

        CLASS   CONST          

        CLASS   SMALLCONST     
                smallconst                          800      800       30         0

        CLASS   MEDIUMCONST    

        CLASS   COMRAM         
                cstackCOMRAM                          1        1       2F         1

        CLASS   ABS1           

        CLASS   BIGRAM         
                dataBIGRAM                           38       38      7C8         1

        CLASS   RAM            

        CLASS   BANK0          

        CLASS   BANK1          

        CLASS   BANK2          

        CLASS   BANK3          

        CLASS   BANK4          

        CLASS   BANK5          

        CLASS   BANK6          

        CLASS   BANK7          

        CLASS   SFR            

        CLASS   FARRAM         

        CLASS   CONFIG         
                config                           300000   300000        E         0

        CLASS   IDLOC          
                idloc                            200000   200000        8         0

        CLASS   EEDATA         



SEGMENTS        Name                           Load    Length   Top    Selector   Space  Class

                reset_vec                      000000  000004  000004         0       0  CODE    
                cstackCOMRAM                   000001  00002F  000030         1       1  COMRAM  
                dataBIGRAM                     000038  0007C8  000800        38       1  BIGRAM  
                smallconst                     000800  000030  000830       400       0  SMALLCON
                idataBIGRAM                    000830  000CC2  0014F2       830       0  CODE    
                idloc                          200000  000008  200008    200000       0  IDLOC   
                config                         300000  00000E  30000E    300000       0  CONFIG  


UNUSED ADDRESS RANGES

        Name                Unused          Largest block    Delta
        BIGRAM           000030-000037                8
        CODE             000004-0007FF              7FC
                         0014F2-007FFF             6B0E
        COMRAM           000030-000037                8
        CONST            000004-0007FF              7FC
                         0014F2-007FFF             6B0E
        EEDATA           F00000-F000FF              100
        MEDIUMCONST      0014F2-007FFF             6B0E
        SFR              000F60-000FFF               A0
        SMALLCONST       0014F2-007FFF              100
        STACK            000000-000000                1

                                  Symbol Table

?___aldiv                     cstackCOMRAM 000001
?___lwdiv                     cstackCOMRAM 000001
?___lwmod                     cstackCOMRAM 000008
?_printf                      cstackCOMRAM 00000D
?_strlen                      cstackCOMRAM 000001
UART_Init@baudrate            cstackCOMRAM 00000F
UART_Init@x                   cstackCOMRAM 000017
_CREN                         (abs)        007D5C
_PIR1bits                     (abs)        000F9E
_SPBRG                        (abs)        000FAF
_SPEN                         (abs)        007D5F
_SYNC                         (abs)        007D64
_TRISC6                       (abs)        007CA6
_TRISC7                       (abs)        007CA7
_TXEN                         (abs)        007D65
_TXREG                        (abs)        000FAD
_UART_Init                    text8        001326
_UART_Init$688                cstackCOMRAM 000013
_UART_Stop                    text7        0014D4
__CFG_FOSC$HS                 (abs)        000000
__CFG_MCLRE$OFF               (abs)        000000
__CFG_PBADEN$OFF              (abs)        000000
__CFG_WDT$OFF                 (abs)        000000
__CFG_WDTPS$32768             (abs)        000000
__HRAM                        (abs)        000000
__Habs1                       abs1         000000
__Hbank0                      bank0        000000
__Hbank1                      bank1        000000
__Hbank2                      bank2        000000
__Hbank3                      bank3        000000
__Hbank4                      bank4        000000
__Hbank5                      bank5        000000
__Hbank6                      bank6        000000
__Hbank7                      bank7        000000
__Hbigbss                     bigbss       000000
__Hbigdata                    bigdata      000000
__Hbigram                     bigram       000000
__Hbss                        bss          000000
__Hcinit                      cinit        000000
__Hclrtext                    clrtext      000000
__Hcomram                     comram       000000
__Hconfig                     config       30000E
__Hconst                      const        000000
__HcstackCOMRAM               cstackCOMRAM 000000
__Hdata                       data         000000
__HdataBIGRAM                 dataBIGRAM   000000
__Heeprom_data                eeprom_data  000000
__Hfarbss                     farbss       000000
__Hfardata                    fardata      000000
__Hibigdata                   ibigdata     000000
__Hidata                      idata        000000
__HidataBIGRAM                idataBIGRAM  000000
__Hidloc                      idloc        200008
__Hifardata                   ifardata     000000
__Hinit                       init         000004
__Hintcode                    intcode      000000
__Hintcode_body               intcode_body 000000
__Hintcodelo                  intcodelo    000000
__Hintentry                   intentry     000000
__Hintret                     intret       000000
__Hintsave_regs               intsave_regs 000000
__Hirdata                     irdata       000000
__Hmediumconst                mediumconst  000000
__HnvFARRAM                   nvFARRAM     000000
__Hnvbit                      nvbit        000000
__Hnvrram                     nvrram       000000
__Hparam                      rparam       000000
__Hpowerup                    powerup      000000
__Hram                        ram          000000
__Hramtop                     ramtop       000800
__Hrbit                       rbit         000000
__Hrbss                       rbss         000000
__Hrdata                      rdata        000000
__Hreset_vec                  reset_vec    000000
__Hrparam                     rparam       000000
__Hsfr                        sfr          000000
__Hsmallconst                 smallconst   000830
__Hspace_0                    (abs)        30000E
__Hspace_1                    (abs)        000800
__Hspace_2                    (abs)        000000
__Hstack                      stack        000000
__Hstruct                     struct       000000
__Htemp                       temp         000000
__Htext                       text         000000
__Htext0                      text0        000000
__Htext1                      text1        000000
__Htext2                      text2        000000
__Htext3                      text3        000000
__Htext4                      text4        000000
__Htext5                      text5        000000
__Htext6                      text6        000000
__Htext7                      text7        000000
__Htext8                      text8        000000
__Htext9                      text9        000000
__LRAM                        (abs)        000001
__Labs1                       abs1         000000
__Lbank0                      bank0        000000
__Lbank1                      bank1        000000
__Lbank2                      bank2        000000
__Lbank3                      bank3        000000
__Lbank4                      bank4        000000
__Lbank5                      bank5        000000
__Lbank6                      bank6        000000
__Lbank7                      bank7        000000
__Lbigbss                     bigbss       000000
__Lbigdata                    bigdata      000000
__Lbigram                     bigram       000000
__Lbss                        bss          000000
__Lcinit                      cinit        000000
__Lclrtext                    clrtext      000000
__Lcomram                     comram       000000
__Lconfig                     config       300000
__Lconst                      const        000000
__LcstackCOMRAM               cstackCOMRAM 000000
__Ldata                       data         000000
__LdataBIGRAM                 dataBIGRAM   000000
__Leeprom_data                eeprom_data  000000
__Lfarbss                     farbss       000000
__Lfardata                    fardata      000000
__Libigdata                   ibigdata     000000
__Lidata                      idata        000000
__LidataBIGRAM                idataBIGRAM  000000
__Lidloc                      idloc        200000
__Lifardata                   ifardata     000000
__Linit                       init         000000
__Lintcode                    intcode      000000
__Lintcode_body               intcode_body 000000
__Lintcodelo                  intcodelo    000000
__Lintentry                   intentry     000000
__Lintret                     intret       000000
__Lintsave_regs               intsave_regs 000000
__Lirdata                     irdata       000000
__Lmediumconst                mediumconst  000000
__LnvFARRAM                   nvFARRAM     000000
__Lnvbit                      nvbit        000000
__Lnvrram                     nvrram       000000
__Lparam                      rparam       000000
__Lpowerup                    powerup      000000
__Lram                        ram          000000
__Lramtop                     ramtop       000800
__Lrbit                       rbit         000000
__Lrbss                       rbss         000000
__Lrdata                      rdata        000000
__Lreset_vec                  reset_vec    000000
__Lrparam                     rparam       000000
__Lsfr                        sfr          000000
__Lsmallconst                 smallconst   000800
__Lspace_0                    (abs)        000000
__Lspace_1                    (abs)        000000
__Lspace_2                    (abs)        000000
__Lstack                      stack        000000
__Lstruct                     struct       000000
__Ltemp                       temp         000000
__Ltext                       text         000000
__Ltext0                      text0        000000
__Ltext1                      text1        000000
__Ltext2                      text2        000000
__Ltext3                      text3        000000
__Ltext4                      text4        000000
__Ltext5                      text5        000000
__Ltext6                      text6        000000
__Ltext7                      text7        000000
__Ltext8                      text8        000000
__Ltext9                      text9        000000
__S0                          (abs)        30000E
__S1                          (abs)        000800
__S2                          (abs)        000000
___aldiv                      text9        00125A
___aldiv@counter              cstackCOMRAM 000009
___aldiv@dividend             cstackCOMRAM 000001
___aldiv@divisor              cstackCOMRAM 000005
___aldiv@quotient             cstackCOMRAM 00000B
___aldiv@sign                 cstackCOMRAM 00000A
___inthi_sp                   stack        000000
___intlo_sp                   stack        000000
___lwdiv                      text6        00139C
___lwdiv@counter              cstackCOMRAM 000007
___lwdiv@dividend             cstackCOMRAM 000001
___lwdiv@divisor              cstackCOMRAM 000003
___lwdiv@quotient             cstackCOMRAM 000005
___lwmod                      text5        0013EE
___lwmod@counter              cstackCOMRAM 00000C
___lwmod@dividend             cstackCOMRAM 000008
___lwmod@divisor              cstackCOMRAM 00000A
___param_bank                 (abs)        000000
___rparam_used                (abs)        000001
___sp                         stack        000000
__accesstop                   (abs)        000060
__activetblptr                (abs)        000002
__end_of_UART_Init            text8        00139C
__end_of_UART_Stop            text7        0014E6
__end_of___aldiv              text9        001326
__end_of___lwdiv              text6        0013EE
__end_of___lwmod              text5        001430
__end_of__initialization      cinit        0014CA
__end_of_decode_message       text1        00125A
__end_of_dpowers              smallconst   00080B
__end_of_main                 text0        00146C
__end_of_printf               text3        00113A
__end_of_putch                text4        0014F2
__end_of_strlen               text2        0014A6
__initialization              cinit        0014A6
__mediumconst                 mediumconst  000000
__pcinit                      cinit        0014A6
__pcstackCOMRAM               cstackCOMRAM 000001
__pdataBIGRAM                 dataBIGRAM   000038
__pidataBIGRAM                idataBIGRAM  000830
__psmallconst                 smallconst   000800
__ptext0                      text0        001430
__ptext1                      text1        00113A
__ptext2                      text2        00146C
__ptext3                      text3        000FF8
__ptext4                      text4        0014E6
__ptext5                      text5        0013EE
__ptext6                      text6        00139C
__ptext7                      text7        0014D4
__ptext8                      text8        001326
__ptext9                      text9        00125A
__ramtop                      ramtop       000800
__size_of_UART_Init           (abs)        000000
__size_of_UART_Stop           (abs)        000000
__size_of___aldiv             (abs)        000000
__size_of___lwdiv             (abs)        000000
__size_of___lwmod             (abs)        000000
__size_of_decode_message      (abs)        000000
__size_of_main                (abs)        000000
__size_of_printf              (abs)        000000
__size_of_putch               (abs)        000000
__size_of_strlen              (abs)        000000
__smallconst                  smallconst   000800
_decode_message               text1        00113A
_dpowers                      smallconst   000801
_main                         text0        001430
_printf                       text3        000FF8
_putch                        text4        0014E6
_strlen                       text2        00146C
decode_message@charBuffer     cstackCOMRAM 00002B
decode_message@fileChars      cstackCOMRAM 000019
decode_message@fileSize       cstackCOMRAM 000028
decode_message@i              cstackCOMRAM 00002C
decode_message@idx            cstackCOMRAM 000024
decode_message@length         cstackCOMRAM 00001B
decode_message@numRead        cstackCOMRAM 00002E
decode_message@readTo         cstackCOMRAM 000026
decode_message@secret_message cstackCOMRAM 00001F
decode_message@temp           cstackCOMRAM 00002A
end_of_initialization         cinit        0014CA
intlevel0                     text         000000
intlevel1                     text         000000
intlevel2                     text         000000
intlevel3                     text         000000
main@fileCharsEncoded         dataBIGRAM   000038
printf@ap                     cstackCOMRAM 000014
printf@c                      cstackCOMRAM 000018
printf@f                      cstackCOMRAM 00000D
printf@flag                   cstackCOMRAM 000012
printf@prec                   cstackCOMRAM 000013
printf@val                    cstackCOMRAM 000016
putch@data                    cstackCOMRAM 000001
stackhi                       (abs)        000000
stacklo                       (abs)        000000
start                         init         000000
start_initialization          cinit        0014A6
strlen@cp                     cstackCOMRAM 000005
strlen@s                      cstackCOMRAM 000001


FUNCTION INFORMATION:

 *************** function _main *****************
 Defined at:
		line 54 in file "readWriteMsg.c"
 Parameters:    Size  Location     Type
		None
 Auto vars:     Size  Location     Type
		None
 Return value:  Size  Location     Type
                  2   38[None  ] int 
 Registers used:
		wreg, fsr2l, fsr2h, status,2, status,0, tblptrl, tblptrh, tblptru, prodl, prodh, cstack
 Tracked objects:
		On entry : 
		On exit  : 
		Unchanged: 
 Data sizes:     COMRAM   BANK0   BANK1   BANK2   BANK3   BANK4   BANK5   BANK6   BANK7
      Params:         0       0       0       0       0       0       0       0       0
      Locals:         0       0       0       0       0       0       0       0       0
      Temps:          0       0       0       0       0       0       0       0       0
      Totals:         0       0       0       0       0       0       0       0       0
Total ram usage:        0 bytes
 Hardware stack levels required when called:    3
 This function calls:
		_UART_Init
		_UART_Stop
		_decode_message
		_printf
 This function is called by:
		Startup code after reset
 This function uses a non-reentrant model


 *************** function _decode_message *****************
 Defined at:
		line 125 in file "readWriteMsg.c"
 Parameters:    Size  Location     Type
  fileChars       2   24[COMRAM] PTR unsigned char 
		 -> main@fileCharsEncoded(1992), 
  length          2   26[COMRAM] int 
 Auto vars:     Size  Location     Type
  secret_messa    5   30[COMRAM] unsigned char [5]
  numRead         2   45[COMRAM] int 
  i               2   43[COMRAM] int 
  fileSize        2   39[COMRAM] int 
  readTo          2   37[COMRAM] int 
  idx             2   35[COMRAM] int 
  charBuffer      1   42[COMRAM] unsigned char 
  temp            1   41[COMRAM] unsigned char 
 Return value:  Size  Location     Type
                  1    wreg      void 
 Registers used:
		wreg, fsr2l, fsr2h, status,2, status,0, tblptrl, tblptrh, tblptru, prodl, prodh, cstack
 Tracked objects:
		On entry : 
		On exit  : 
		Unchanged: 
 Data sizes:     COMRAM   BANK0   BANK1   BANK2   BANK3   BANK4   BANK5   BANK6   BANK7
      Params:         4       0       0       0       0       0       0       0       0
      Locals:        17       0       0       0       0       0       0       0       0
      Temps:          2       0       0       0       0       0       0       0       0
      Totals:        23       0       0       0       0       0       0       0       0
Total ram usage:       23 bytes
 Hardware stack levels used:    1
 Hardware stack levels required when called:    2
 This function calls:
		_printf
		_strlen
 This function is called by:
		_main
 This function uses a non-reentrant model


 *************** function _strlen *****************
 Defined at:
		line 4 in file "C:\Program Files (x86)\Microchip\xc8\v1.40\sources\common\strlen.c"
 Parameters:    Size  Location     Type
  s               2    0[COMRAM] PTR const unsigned char 
		 -> main@fileCharsEncoded(1992), 
 Auto vars:     Size  Location     Type
  cp              2    4[COMRAM] PTR const unsigned char 
		 -> main@fileCharsEncoded(1992), 
 Return value:  Size  Location     Type
                  2    0[COMRAM] unsigned int 
 Registers used:
		wreg, fsr2l, fsr2h, status,2, status,0
 Tracked objects:
		On entry : 
		On exit  : 
		Unchanged: 
 Data sizes:     COMRAM   BANK0   BANK1   BANK2   BANK3   BANK4   BANK5   BANK6   BANK7
      Params:         2       0       0       0       0       0       0       0       0
      Locals:         2       0       0       0       0       0       0       0       0
      Temps:          2       0       0       0       0       0       0       0       0
      Totals:         6       0       0       0       0       0       0       0       0
Total ram usage:        6 bytes
 Hardware stack levels used:    1
 This function calls:
		Nothing
 This function is called by:
		_decode_message
		_encode_message
 This function uses a non-reentrant model


 *************** function _printf *****************
 Defined at:
		line 464 in file "C:\Program Files (x86)\Microchip\xc8\v1.40\sources\common\doprnt.c"
 Parameters:    Size  Location     Type
  f               2   12[COMRAM] PTR const unsigned char 
		 -> STR_9(7), STR_8(3), STR_7(3), STR_6(8), 
		 -> STR_5(3), STR_4(7), STR_3(8), STR_2(3), 
		 -> STR_1(15), 
 Auto vars:     Size  Location     Type
  tmpval          4    0        struct .
  cp              3    0        PTR const unsigned char 
  val             2   21[COMRAM] unsigned int 
  ap              2   19[COMRAM] PTR void [1]
		 -> ?_printf(2), 
  len             2    0        unsigned int 
  c               1   23[COMRAM] char 
  prec            1   18[COMRAM] char 
  flag            1   17[COMRAM] unsigned char 
 Return value:  Size  Location     Type
                  2   12[COMRAM] int 
 Registers used:
		wreg, fsr2l, fsr2h, status,2, status,0, tblptrl, tblptrh, tblptru, prodl, prodh, cstack
 Tracked objects:
		On entry : 
		On exit  : 
		Unchanged: 
 Data sizes:     COMRAM   BANK0   BANK1   BANK2   BANK3   BANK4   BANK5   BANK6   BANK7
      Params:         4       0       0       0       0       0       0       0       0
      Locals:         7       0       0       0       0       0       0       0       0
      Temps:          1       0       0       0       0       0       0       0       0
      Totals:        12       0       0       0       0       0       0       0       0
Total ram usage:       12 bytes
 Hardware stack levels used:    1
 Hardware stack levels required when called:    1
 This function calls:
		___lwdiv
		___lwmod
		_putch
 This function is called by:
		_main
		_decode_message
		_encode_message
 This function uses a non-reentrant model


 *************** function _putch *****************
 Defined at:
		line 25 in file "readWriteMsg.c"
 Parameters:    Size  Location     Type
  data            1    wreg     unsigned char 
 Auto vars:     Size  Location     Type
  data            1    0[COMRAM] unsigned char 
 Return value:  Size  Location     Type
                  1    wreg      void 
 Registers used:
		wreg
 Tracked objects:
		On entry : 
		On exit  : 
		Unchanged: 
 Data sizes:     COMRAM   BANK0   BANK1   BANK2   BANK3   BANK4   BANK5   BANK6   BANK7
      Params:         0       0       0       0       0       0       0       0       0
      Locals:         1       0       0       0       0       0       0       0       0
      Temps:          0       0       0       0       0       0       0       0       0
      Totals:         1       0       0       0       0       0       0       0       0
Total ram usage:        1 bytes
 Hardware stack levels used:    1
 This function calls:
		Nothing
 This function is called by:
		_printf
 This function uses a non-reentrant model


 *************** function ___lwmod *****************
 Defined at:
		line 8 in file "C:\Program Files (x86)\Microchip\xc8\v1.40\sources\common\lwmod.c"
 Parameters:    Size  Location     Type
  dividend        2    7[COMRAM] unsigned int 
  divisor         2    9[COMRAM] unsigned int 
 Auto vars:     Size  Location     Type
  counter         1   11[COMRAM] unsigned char 
 Return value:  Size  Location     Type
                  2    7[COMRAM] unsigned int 
 Registers used:
		wreg, status,2, status,0
 Tracked objects:
		On entry : 
		On exit  : 
		Unchanged: 
 Data sizes:     COMRAM   BANK0   BANK1   BANK2   BANK3   BANK4   BANK5   BANK6   BANK7
      Params:         4       0       0       0       0       0       0       0       0
      Locals:         1       0       0       0       0       0       0       0       0
      Temps:          0       0       0       0       0       0       0       0       0
      Totals:         5       0       0       0       0       0       0       0       0
Total ram usage:        5 bytes
 Hardware stack levels used:    1
 This function calls:
		Nothing
 This function is called by:
		_printf
 This function uses a non-reentrant model


 *************** function ___lwdiv *****************
 Defined at:
		line 8 in file "C:\Program Files (x86)\Microchip\xc8\v1.40\sources\common\lwdiv.c"
 Parameters:    Size  Location     Type
  dividend        2    0[COMRAM] unsigned int 
  divisor         2    2[COMRAM] unsigned int 
 Auto vars:     Size  Location     Type
  quotient        2    4[COMRAM] unsigned int 
  counter         1    6[COMRAM] unsigned char 
 Return value:  Size  Location     Type
                  2    0[COMRAM] unsigned int 
 Registers used:
		wreg, status,2, status,0
 Tracked objects:
		On entry : 
		On exit  : 
		Unchanged: 
 Data sizes:     COMRAM   BANK0   BANK1   BANK2   BANK3   BANK4   BANK5   BANK6   BANK7
      Params:         4       0       0       0       0       0       0       0       0
      Locals:         3       0       0       0       0       0       0       0       0
      Temps:          0       0       0       0       0       0       0       0       0
      Totals:         7       0       0       0       0       0       0       0       0
Total ram usage:        7 bytes
 Hardware stack levels used:    1
 This function calls:
		Nothing
 This function is called by:
		_printf
 This function uses a non-reentrant model


 *************** function _UART_Stop *****************
 Defined at:
		line 44 in file "readWriteMsg.c"
 Parameters:    Size  Location     Type
		None
 Auto vars:     Size  Location     Type
		None
 Return value:  Size  Location     Type
                  1    wreg      void 
 Registers used:
		wreg, status,2
 Tracked objects:
		On entry : 
		On exit  : 
		Unchanged: 
 Data sizes:     COMRAM   BANK0   BANK1   BANK2   BANK3   BANK4   BANK5   BANK6   BANK7
      Params:         0       0       0       0       0       0       0       0       0
      Locals:         0       0       0       0       0       0       0       0       0
      Temps:          0       0       0       0       0       0       0       0       0
      Totals:         0       0       0       0       0       0       0       0       0
Total ram usage:        0 bytes
 Hardware stack levels used:    1
 This function calls:
		Nothing
 This function is called by:
		_main
 This function uses a non-reentrant model


 *************** function _UART_Init *****************
 Defined at:
		line 31 in file "readWriteMsg.c"
 Parameters:    Size  Location     Type
  baudrate        4   14[COMRAM] const long 
 Auto vars:     Size  Location     Type
  x               2   22[COMRAM] unsigned int 
 Return value:  Size  Location     Type
                  1    wreg      void 
 Registers used:
		wreg, status,2, status,0, cstack
 Tracked objects:
		On entry : 
		On exit  : 
		Unchanged: 
 Data sizes:     COMRAM   BANK0   BANK1   BANK2   BANK3   BANK4   BANK5   BANK6   BANK7
      Params:         4       0       0       0       0       0       0       0       0
      Locals:         6       0       0       0       0       0       0       0       0
      Temps:          0       0       0       0       0       0       0       0       0
      Totals:        10       0       0       0       0       0       0       0       0
Total ram usage:       10 bytes
 Hardware stack levels used:    1
 Hardware stack levels required when called:    1
 This function calls:
		___aldiv
 This function is called by:
		_main
 This function uses a non-reentrant model


 *************** function ___aldiv *****************
 Defined at:
		line 8 in file "C:\Program Files (x86)\Microchip\xc8\v1.40\sources\common\aldiv.c"
 Parameters:    Size  Location     Type
  dividend        4    0[COMRAM] long 
  divisor         4    4[COMRAM] long 
 Auto vars:     Size  Location     Type
  quotient        4   10[COMRAM] long 
  sign            1    9[COMRAM] unsigned char 
  counter         1    8[COMRAM] unsigned char 
 Return value:  Size  Location     Type
                  4    0[COMRAM] long 
 Registers used:
		wreg, status,2, status,0
 Tracked objects:
		On entry : 
		On exit  : 
		Unchanged: 
 Data sizes:     COMRAM   BANK0   BANK1   BANK2   BANK3   BANK4   BANK5   BANK6   BANK7
      Params:         8       0       0       0       0       0       0       0       0
      Locals:         6       0       0       0       0       0       0       0       0
      Temps:          0       0       0       0       0       0       0       0       0
      Totals:        14       0       0       0       0       0       0       0       0
Total ram usage:       14 bytes
 Hardware stack levels used:    1
 This function calls:
		Nothing
 This function is called by:
		_UART_Init
 This function uses a non-reentrant model



MODULE INFORMATION

Module		Function		Class		Link	Load	Size
C:\Program Files (x86)\Microchip\xc8\v1.40\sources\common\doprnt.c
		_printf        		CODE           	0FF8	0000	323

C:\Program Files (x86)\Microchip\xc8\v1.40\sources\common\doprnt.c estimated size: 323

C:\Program Files (x86)\Microchip\xc8\v1.40\sources\common\lwmod.c
		___lwmod       		CODE           	13EE	0000	67

C:\Program Files (x86)\Microchip\xc8\v1.40\sources\common\lwmod.c estimated size: 67

shared
		_dpowers       		SMALLCONST     	0801	0000	11
		__initialization		CODE           	14A6	0000	37

shared estimated size: 48

readWriteMsg.c
		_putch         		CODE           	14E6	0000	13
		_UART_Init     		CODE           	1326	0000	119
		_main          		CODE           	1430	0000	61
		_decode_message		CODE           	113A	0000	289
		_UART_Stop     		CODE           	14D4	0000	19

readWriteMsg.c estimated size: 501

C:\Program Files (x86)\Microchip\xc8\v1.40\sources\common\lwdiv.c
		___lwdiv       		CODE           	139C	0000	83

C:\Program Files (x86)\Microchip\xc8\v1.40\sources\common\lwdiv.c estimated size: 83

C:\Program Files (x86)\Microchip\xc8\v1.40\sources\common\strlen.c
		_strlen        		CODE           	146C	0000	59

C:\Program Files (x86)\Microchip\xc8\v1.40\sources\common\strlen.c estimated size: 59

C:\Program Files (x86)\Microchip\xc8\v1.40\sources\common\aldiv.c
		___aldiv       		CODE           	125A	0000	205

C:\Program Files (x86)\Microchip\xc8\v1.40\sources\common\aldiv.c estimated size: 205

