Microchip MPLAB XC8 Compiler V1.40 ()

Linker command line:

-W-3 --edf=C:\Program Files (x86)\Microchip\xc8\v1.40\dat\en_msgs.txt -cs \
  -h+dist/default/production\Esteganografia.X.production.sym \
  --cmf=dist/default/production\Esteganografia.X.production.cmf -z \
  -Q18F4550 -oC:\Users\clint\AppData\Local\Temp\s5ks.2 \
  -Mdist/default/production/Esteganografia.X.production.map -E1 -ver=XC8 \
  -ASTACK=060h-07ffh -pstack=STACK -ACODE=00h-07FFFh -ACONST=00h-07FFFh \
  -ASMALLCONST=0800h-08FFhx120 -AMEDIUMCONST=0800h-07FFFh -ACOMRAM=01h-05Fh \
  -AABS1=00h-07FFh -ABIGRAM=01h-07FFh -ARAM=060h-0FFh,0100h-01FFhx7 \
  -ABANK0=060h-0FFh -ABANK1=0100h-01FFh -ABANK2=0200h-02FFh \
  -ABANK3=0300h-03FFh -ABANK4=0400h-04FFh -ABANK5=0500h-05FFh \
  -ABANK6=0600h-06FFh -ABANK7=0700h-07FFh -ASFR=0F60h-0FFFh \
  -preset_vec=00h,intcode,intcodelo,powerup,init -pramtop=0800h \
  -psmallconst=SMALLCONST -pmediumconst=MEDIUMCONST -pconst=CONST \
  -AFARRAM=00h-00h -ACONFIG=0300000h-030000Dh -pconfig=CONFIG \
  -AIDLOC=0200000h-0200007h -pidloc=IDLOC -AEEDATA=0F00000h-0F000FFh \
  -peeprom_data=EEDATA \
  -prdata=COMRAM,nvrram=COMRAM,nvbit=COMRAM,rbss=COMRAM,rbit=COMRAM \
  -pfarbss=FARRAM,fardata=FARRAM,nvFARRAM=FARRAM \
  -pintsave_regs=BIGRAM,bigbss=BIGRAM,bigdata=BIGRAM -pbss=RAM \
  -pidata=CODE,irdata=CODE,ibigdata=CODE,ifardata=CODE -prparam=COMRAM \
  C:\Users\clint\AppData\Local\Temp\s5ks.obj \
  dist/default/production\Esteganografia.X.production.obj 

Object code version is 3.11

Machine type is 18F4550

Call graph: (short form)




                Name                               Link     Load   Length Selector   Space Scale
C:\Users\clint\AppData\Local\Temp\s5ks.obj
                init                                  0        0        4        0       0
                idloc                            200000   200000        8   200000       0
                config                           300000   300000        E   300000       0
dist/default/production\Esteganografia.X.production.obj
                mediumconst                        73B8     73B8      C48     39DC       0
                text7                              70F4     70F4       CC     387A       0
                text6                              707E     707E       76     383F       0
                text5                              6F90     6F90        C     37C8       0
                text4                              72A8     72A8      110     3954       0
                text3                              6FA8     6FA8       36     37D4       0
                text2                              6FDE     6FDE       44     37EF       0
                text1                              71C0     71C0       E8     38E0       0
                text0                              7022     7022       5C     3811       0
                cstackCOMRAM                          1        1       32        1       1
                bssCOMRAM                            33       33        1        1       1
                cinit                              6F9C     6F9C        C     37CE       0

TOTAL           Name                               Link     Load   Length     Space
        CLASS   STACK          

        CLASS   CODE           
                init                                  0        0        4         0
                text7                              70F4     70F4       CC         0
                text6                              707E     707E       76         0
                text5                              6F90     6F90        C         0
                text4                              72A8     72A8      110         0
                text3                              6FA8     6FA8       36         0
                text2                              6FDE     6FDE       44         0
                text1                              71C0     71C0       E8         0
                text0                              7022     7022       5C         0
                cinit                              6F9C     6F9C        C         0

        CLASS   CONST          

        CLASS   SMALLCONST     

        CLASS   MEDIUMCONST    
                mediumconst                        73B8     73B8      C48         0

        CLASS   COMRAM         
                cstackCOMRAM                          1        1       32         1
                bssCOMRAM                            33       33        1         1

        CLASS   ABS1           

        CLASS   BIGRAM         

        CLASS   RAM            

        CLASS   BANK0          

        CLASS   BANK1          

        CLASS   BANK2          

        CLASS   BANK3          

        CLASS   BANK4          

        CLASS   BANK5          

        CLASS   BANK6          

        CLASS   BANK7          

        CLASS   SFR            

        CLASS   FARRAM         

        CLASS   CONFIG         
                config                           300000   300000        E         0

        CLASS   IDLOC          
                idloc                            200000   200000        8         0

        CLASS   EEDATA         



SEGMENTS        Name                           Load    Length   Top    Selector   Space  Class

                reset_vec                      000000  000004  000004         0       0  CODE    
                cstackCOMRAM                   000001  000033  000034         1       1  COMRAM  
                text5                          006F90  00000C  006F9C      37C8       0  CODE    
                cinit                          006F9C  00000C  006FA8      37CE       0  CODE    
                text3                          006FA8  000036  006FDE      37D4       0  CODE    
                text2                          006FDE  000044  007022      37EF       0  CODE    
                text0                          007022  00005C  00707E      3811       0  CODE    
                text6                          00707E  000076  0070F4      383F       0  CODE    
                text7                          0070F4  0000CC  0071C0      387A       0  CODE    
                text1                          0071C0  0000E8  0072A8      38E0       0  CODE    
                text4                          0072A8  000110  0073B8      3954       0  CODE    
                mediumconst                    0073B8  000C48  008000      39DC       0  MEDIUMCO
                idloc                          200000  000008  200008    200000       0  IDLOC   
                config                         300000  00000E  30000E    300000       0  CONFIG  


UNUSED ADDRESS RANGES

        Name                Unused          Largest block    Delta
        BANK0            000060-0000FF               A0
        BANK1            000100-0001FF              100
        BANK2            000200-0002FF              100
        BANK3            000300-0003FF              100
        BANK4            000400-0004FF              100
        BANK5            000500-0005FF              100
        BANK6            000600-0006FF              100
        BANK7            000700-0007FF              100
        BIGRAM           000034-0007FF              7CC
        CODE             000004-006F8F             6F8C
        COMRAM           000034-00005F               2C
        CONST            000004-006F8F             6F8C
        EEDATA           F00000-F000FF              100
        MEDIUMCONST      000800-006F8F             6790
        RAM              000060-0007FF              100
        SFR              000F60-000FFF               A0
        SMALLCONST       000800-006F8F              100
        STACK            000060-0007FF              7A0

                                  Symbol Table

?___aldiv                    cstackCOMRAM 000001
?__doprnt                    cstackCOMRAM 000002
?_printf                     cstackCOMRAM 00000C
?_sprintf                    cstackCOMRAM 00000C
UART_Init@baudrate           cstackCOMRAM 00000F
UART_Init@x                  cstackCOMRAM 000017
_CREN                        (abs)        007D5C
_PIR1bits                    (abs)        000F9E
_SPBRG                       (abs)        000FAF
_SPEN                        (abs)        007D5F
_SYNC                        (abs)        007D64
_TRISC6                      (abs)        007CA6
_TRISC7                      (abs)        007CA7
_TXEN                        (abs)        007D65
_TXREG                       (abs)        000FAD
_UART_Init                   text6        00707E
_UART_Init$859               cstackCOMRAM 000013
_USART_Status                bssCOMRAM    000033
__CFG_FOSC$HS                (abs)        000000
__CFG_MCLRE$OFF              (abs)        000000
__CFG_PBADEN$OFF             (abs)        000000
__CFG_WDT$OFF                (abs)        000000
__CFG_WDTPS$32768            (abs)        000000
__HRAM                       (abs)        000000
__Habs1                      abs1         000000
__Hbank0                     bank0        000000
__Hbank1                     bank1        000000
__Hbank2                     bank2        000000
__Hbank3                     bank3        000000
__Hbank4                     bank4        000000
__Hbank5                     bank5        000000
__Hbank6                     bank6        000000
__Hbank7                     bank7        000000
__Hbigbss                    bigbss       000000
__Hbigdata                   bigdata      000000
__Hbigram                    bigram       000000
__Hbss                       bss          000000
__HbssCOMRAM                 bssCOMRAM    000000
__Hcinit                     cinit        000000
__Hclrtext                   clrtext      000000
__Hcomram                    comram       000000
__Hconfig                    config       30000E
__Hconst                     const        000000
__HcstackCOMRAM              cstackCOMRAM 000000
__Hdata                      data         000000
__Heeprom_data               eeprom_data  000000
__Hfarbss                    farbss       000000
__Hfardata                   fardata      000000
__Hibigdata                  ibigdata     000000
__Hidata                     idata        000000
__Hidloc                     idloc        200008
__Hifardata                  ifardata     000000
__Hinit                      init         000004
__Hintcode                   intcode      000000
__Hintcode_body              intcode_body 000000
__Hintcodelo                 intcodelo    000000
__Hintentry                  intentry     000000
__Hintret                    intret       000000
__Hintsave_regs              intsave_regs 000000
__Hirdata                    irdata       000000
__Hmediumconst               mediumconst  008000
__HnvFARRAM                  nvFARRAM     000000
__Hnvbit                     nvbit        000000
__Hnvrram                    nvrram       000000
__Hparam                     rparam       000000
__Hpowerup                   powerup      000000
__Hram                       ram          000000
__Hramtop                    ramtop       000800
__Hrbit                      rbit         000000
__Hrbss                      rbss         000000
__Hrdata                     rdata        000000
__Hreset_vec                 reset_vec    000000
__Hrparam                    rparam       000000
__Hsfr                       sfr          000000
__Hsmallconst                smallconst   000000
__Hspace_0                   (abs)        30000E
__Hspace_1                   (abs)        000034
__Hspace_2                   (abs)        000000
__Hstack                     stack        000000
__Hstruct                    struct       000000
__Htemp                      temp         000000
__Htext                      text         000000
__Htext0                     text0        000000
__Htext1                     text1        000000
__Htext2                     text2        000000
__Htext3                     text3        000000
__Htext4                     text4        000000
__Htext5                     text5        000000
__Htext6                     text6        000000
__Htext7                     text7        000000
__Htext8                     text8        000000
__LRAM                       (abs)        000001
__Labs1                      abs1         000000
__Lbank0                     bank0        000000
__Lbank1                     bank1        000000
__Lbank2                     bank2        000000
__Lbank3                     bank3        000000
__Lbank4                     bank4        000000
__Lbank5                     bank5        000000
__Lbank6                     bank6        000000
__Lbank7                     bank7        000000
__Lbigbss                    bigbss       000000
__Lbigdata                   bigdata      000000
__Lbigram                    bigram       000000
__Lbss                       bss          000000
__LbssCOMRAM                 bssCOMRAM    000000
__Lcinit                     cinit        000000
__Lclrtext                   clrtext      000000
__Lcomram                    comram       000000
__Lconfig                    config       300000
__Lconst                     const        000000
__LcstackCOMRAM              cstackCOMRAM 000000
__Ldata                      data         000000
__Leeprom_data               eeprom_data  000000
__Lfarbss                    farbss       000000
__Lfardata                   fardata      000000
__Libigdata                  ibigdata     000000
__Lidata                     idata        000000
__Lidloc                     idloc        200000
__Lifardata                  ifardata     000000
__Linit                      init         000000
__Lintcode                   intcode      000000
__Lintcode_body              intcode_body 000000
__Lintcodelo                 intcodelo    000000
__Lintentry                  intentry     000000
__Lintret                    intret       000000
__Lintsave_regs              intsave_regs 000000
__Lirdata                    irdata       000000
__Lmediumconst               mediumconst  0073B8
__LnvFARRAM                  nvFARRAM     000000
__Lnvbit                     nvbit        000000
__Lnvrram                    nvrram       000000
__Lparam                     rparam       000000
__Lpowerup                   powerup      000000
__Lram                       ram          000000
__Lramtop                    ramtop       000800
__Lrbit                      rbit         000000
__Lrbss                      rbss         000000
__Lrdata                     rdata        000000
__Lreset_vec                 reset_vec    000000
__Lrparam                    rparam       000000
__Lsfr                       sfr          000000
__Lsmallconst                smallconst   000000
__Lspace_0                   (abs)        000000
__Lspace_1                   (abs)        000000
__Lspace_2                   (abs)        000000
__Lstack                     stack        000000
__Lstruct                    struct       000000
__Ltemp                      temp         000000
__Ltext                      text         000000
__Ltext0                     text0        000000
__Ltext1                     text1        000000
__Ltext2                     text2        000000
__Ltext3                     text3        000000
__Ltext4                     text4        000000
__Ltext5                     text5        000000
__Ltext6                     text6        000000
__Ltext7                     text7        000000
__Ltext8                     text8        000000
__S0                         (abs)        30000E
__S1                         (abs)        000034
__S2                         (abs)        000000
___aldiv                     text7        0070F4
___aldiv@counter             cstackCOMRAM 000009
___aldiv@dividend            cstackCOMRAM 000001
___aldiv@divisor             cstackCOMRAM 000005
___aldiv@quotient            cstackCOMRAM 00000B
___aldiv@sign                cstackCOMRAM 00000A
___inthi_sp                  stack        000000
___intlo_sp                  stack        000000
___param_bank                (abs)        000000
___rparam_used               (abs)        000001
___sp                        stack        000000
__accesstop                  (abs)        000060
__activetblptr               (abs)        000002
__doprnt                     text4        0072A8
__doprnt@ap                  cstackCOMRAM 000006
__doprnt@c                   cstackCOMRAM 00000B
__doprnt@f                   cstackCOMRAM 000004
__doprnt@flag                cstackCOMRAM 00000A
__doprnt@pb                  cstackCOMRAM 000002
__end_of_UART_Init           text6        0070F4
__end_of___aldiv             text7        0071C0
__end_of__doprnt             text4        0073B8
__end_of__initialization     cinit        006F9E
__end_of_encode_message      text1        0072A8
__end_of_main                text0        00707E
__end_of_printf              text3        006FDE
__end_of_putch               text5        006F9C
__end_of_sprintf             text2        007022
__initialization             cinit        006F9C
__mediumconst                mediumconst  0073B8
__pbssCOMRAM                 bssCOMRAM    000033
__pcinit                     cinit        006F9C
__pcstackCOMRAM              cstackCOMRAM 000001
__pmediumconst               mediumconst  0073B8
__ptext0                     text0        007022
__ptext1                     text1        0071C0
__ptext2                     text2        006FDE
__ptext3                     text3        006FA8
__ptext4                     text4        0072A8
__ptext5                     text5        006F90
__ptext6                     text6        00707E
__ptext7                     text7        0070F4
__ptext8                     text8        000000
__ramtop                     ramtop       000800
__size_of_UART_Init          (abs)        000000
__size_of___aldiv            (abs)        000000
__size_of__doprnt            (abs)        000000
__size_of_encode_message     (abs)        000000
__size_of_main               (abs)        000000
__size_of_printf             (abs)        000000
__size_of_putch              (abs)        000000
__size_of_sprintf            (abs)        000000
__smallconst                 smallconst   000000
_encode_message              text1        0071C0
_main                        text0        007022
_printf                      text3        006FA8
_putch                       text5        006F90
_sprintf                     text2        006FDE
encode_message@current       cstackCOMRAM 000026
encode_message@encoded       cstackCOMRAM 000020
encode_message@fileChars     cstackCOMRAM 000016
encode_message@fileSize      cstackCOMRAM 00001E
encode_message@i             cstackCOMRAM 000024
encode_message@idx           cstackCOMRAM 000022
encode_message@my_message    cstackCOMRAM 00001A
encode_message@num_coppied   cstackCOMRAM 000027
encode_message@num_to_encode cstackCOMRAM 000018
encode_message@temp          cstackCOMRAM 000029
end_of_initialization        cinit        006F9E
intlevel0                    text         000000
intlevel1                    text         000000
intlevel2                    text         000000
intlevel3                    text         000000
main@myFileChars             cstackCOMRAM 00002F
main@myMessage               cstackCOMRAM 000031
printf@ap                    cstackCOMRAM 00000E
printf@f                     cstackCOMRAM 00000C
printf@pb                    cstackCOMRAM 000010
putch@data                   cstackCOMRAM 000001
sprintf@ap                   cstackCOMRAM 000010
sprintf@f                    cstackCOMRAM 00000E
sprintf@pb                   cstackCOMRAM 000012
sprintf@wh                   cstackCOMRAM 00000C
stackhi                      (abs)        0007FF
stacklo                      (abs)        000060
start                        init         000000
start_initialization         cinit        006F9C


FUNCTION INFORMATION:

 *************** function _main *****************
 Defined at:
		line 47 in file "writeMsg.c"
 Parameters:    Size  Location     Type
  argc            2   41[COMRAM] int 
  argv            3   43[COMRAM] PTR PTR unsigned char 
 Auto vars:     Size  Location     Type
  myMessage       2   48[COMRAM] PTR unsigned char 
		 -> STR_3(6), 
  myFileChars     2   46[COMRAM] PTR unsigned char 
		 -> STR_2(3073), 
 Return value:  Size  Location     Type
                  2   41[COMRAM] int 
 Registers used:
		wreg, fsr0l, fsr0h, fsr2l, fsr2h, status,2, status,0, pclath, tosl, tblptrl, tblptrh, tblptru, cstack
 Tracked objects:
		On entry : 
		On exit  : 
		Unchanged: 
 Data sizes:     COMRAM   BANK0   BANK1   BANK2   BANK3   BANK4   BANK5   BANK6   BANK7
      Params:         5       0       0       0       0       0       0       0       0
      Locals:         4       0       0       0       0       0       0       0       0
      Temps:          0       0       0       0       0       0       0       0       0
      Totals:         9       0       0       0       0       0       0       0       0
Total ram usage:        9 bytes
 Hardware stack levels required when called:    4
 This function calls:
		_UART_Init
		_encode_message
		_printf
 This function is called by:
		Startup code after reset
 This function uses a non-reentrant model


 *************** function _encode_message *****************
 Defined at:
		line 84 in file "writeMsg.c"
 Parameters:    Size  Location     Type
  fileChars       2   21[COMRAM] PTR unsigned char 
		 -> STR_2(3073), 
  num_to_encod    2   23[COMRAM] int 
  my_message      2   25[COMRAM] PTR unsigned char 
		 -> STR_3(6), 
 Auto vars:     Size  Location     Type
  num_coppied     2   38[COMRAM] int 
  i               2   35[COMRAM] int 
  idx             2   33[COMRAM] int 
  encoded         2   31[COMRAM] int 
  fileSize        2   29[COMRAM] int 
  temp            1   40[COMRAM] unsigned char 
  current         1   37[COMRAM] unsigned char 
 Return value:  Size  Location     Type
                  1    wreg      void 
 Registers used:
		wreg, fsr0l, fsr0h, fsr2l, fsr2h, status,2, status,0, pclath, tosl, tblptrl, tblptrh, tblptru, cstack
 Tracked objects:
		On entry : 
		On exit  : 
		Unchanged: 
 Data sizes:     COMRAM   BANK0   BANK1   BANK2   BANK3   BANK4   BANK5   BANK6   BANK7
      Params:         6       0       0       0       0       0       0       0       0
      Locals:        12       0       0       0       0       0       0       0       0
      Temps:          2       0       0       0       0       0       0       0       0
      Totals:        20       0       0       0       0       0       0       0       0
Total ram usage:       20 bytes
 Hardware stack levels used:    1
 Hardware stack levels required when called:    3
 This function calls:
		_printf
		_sprintf
 This function is called by:
		_main
 This function uses a non-reentrant model


 *************** function _sprintf *****************
 Defined at:
		line 13 in file "C:\Program Files (x86)\Microchip\xc8\v1.40\sources\common\sprintf.c"
 Parameters:    Size  Location     Type
  wh              2   11[COMRAM] PTR unsigned char 
		 -> STR_6(3), 
  f               2   13[COMRAM] PTR const unsigned char 
		 -> encode_message@temp(1), 
 Auto vars:     Size  Location     Type
  pb              4   17[COMRAM] struct __prbuf
  ap              2   15[COMRAM] PTR void [1]
		 -> ?_sprintf(2), ?_printf(2), 
 Return value:  Size  Location     Type
                  2   11[COMRAM] int 
 Registers used:
		wreg, fsr0l, fsr0h, fsr2l, fsr2h, status,2, status,0, pclath, tosl, tblptrl, tblptrh, tblptru, cstack
 Tracked objects:
		On entry : 
		On exit  : 
		Unchanged: 
 Data sizes:     COMRAM   BANK0   BANK1   BANK2   BANK3   BANK4   BANK5   BANK6   BANK7
      Params:         4       0       0       0       0       0       0       0       0
      Locals:         6       0       0       0       0       0       0       0       0
      Temps:          0       0       0       0       0       0       0       0       0
      Totals:        10       0       0       0       0       0       0       0       0
Total ram usage:       10 bytes
 Hardware stack levels used:    1
 Hardware stack levels required when called:    2
 This function calls:
		__doprnt
 This function is called by:
		_encode_message
 This function uses a non-reentrant model


 *************** function _printf *****************
 Defined at:
		line 13 in file "C:\Program Files (x86)\Microchip\xc8\v1.40\sources\common\printf.c"
 Parameters:    Size  Location     Type
  f               2   11[COMRAM] PTR const unsigned char 
		 -> STR_7(9), STR_5(10), STR_4(30), STR_1(8), 
 Auto vars:     Size  Location     Type
  pb              4   15[COMRAM] struct __prbuf
  ap              2   13[COMRAM] PTR void [1]
		 -> ?_sprintf(2), ?_printf(2), 
 Return value:  Size  Location     Type
                  2   11[COMRAM] int 
 Registers used:
		wreg, fsr0l, fsr0h, fsr2l, fsr2h, status,2, status,0, pclath, tosl, tblptrl, tblptrh, tblptru, cstack
 Tracked objects:
		On entry : 
		On exit  : 
		Unchanged: 
 Data sizes:     COMRAM   BANK0   BANK1   BANK2   BANK3   BANK4   BANK5   BANK6   BANK7
      Params:         2       0       0       0       0       0       0       0       0
      Locals:         6       0       0       0       0       0       0       0       0
      Temps:          0       0       0       0       0       0       0       0       0
      Totals:         8       0       0       0       0       0       0       0       0
Total ram usage:        8 bytes
 Hardware stack levels used:    1
 Hardware stack levels required when called:    2
 This function calls:
		__doprnt
 This function is called by:
		_main
		_encode_message
 This function uses a non-reentrant model


 *************** function __doprnt *****************
 Defined at:
		line 458 in file "C:\Program Files (x86)\Microchip\xc8\v1.40\sources\common\doprnt.c"
 Parameters:    Size  Location     Type
  pb              2    1[COMRAM] PTR struct __prbuf
		 -> sprintf@pb(4), printf@pb(4), 
  f               2    3[COMRAM] PTR const unsigned char 
		 -> STR_7(9), encode_message@temp(1), STR_5(10), STR_4(30), 
		 -> STR_1(8), 
  ap              2    5[COMRAM] PTR PTR void 
		 -> sprintf@ap(2), printf@ap(2), 
 Auto vars:     Size  Location     Type
  tmpval          4    0        struct .
  cp              3    0        PTR const unsigned char 
  len             2    0        unsigned int 
  val             2    0        unsigned int 
  c               1   10[COMRAM] char 
  flag            1    9[COMRAM] unsigned char 
  prec            1    0        char 
 Return value:  Size  Location     Type
                  2    1[COMRAM] int 
 Registers used:
		wreg, fsr0l, fsr0h, fsr2l, fsr2h, status,2, status,0, pclath, tosl, tblptrl, tblptrh, tblptru, cstack
 Tracked objects:
		On entry : 
		On exit  : 
		Unchanged: 
 Data sizes:     COMRAM   BANK0   BANK1   BANK2   BANK3   BANK4   BANK5   BANK6   BANK7
      Params:         6       0       0       0       0       0       0       0       0
      Locals:         2       0       0       0       0       0       0       0       0
      Temps:          2       0       0       0       0       0       0       0       0
      Totals:        10       0       0       0       0       0       0       0       0
Total ram usage:       10 bytes
 Hardware stack levels used:    1
 Hardware stack levels required when called:    1
 This function calls:
		Absolute function
		_putch
 This function is called by:
		_printf
		_sprintf
 This function uses a non-reentrant model


 *************** function _putch *****************
 Defined at:
		line 28 in file "writeMsg.c"
 Parameters:    Size  Location     Type
  data            1    wreg     unsigned char 
 Auto vars:     Size  Location     Type
  data            1    0[COMRAM] unsigned char 
 Return value:  Size  Location     Type
                  1    wreg      void 
 Registers used:
		wreg
 Tracked objects:
		On entry : 
		On exit  : 
		Unchanged: 
 Data sizes:     COMRAM   BANK0   BANK1   BANK2   BANK3   BANK4   BANK5   BANK6   BANK7
      Params:         0       0       0       0       0       0       0       0       0
      Locals:         1       0       0       0       0       0       0       0       0
      Temps:          0       0       0       0       0       0       0       0       0
      Totals:         1       0       0       0       0       0       0       0       0
Total ram usage:        1 bytes
 Hardware stack levels used:    1
 This function calls:
		Nothing
 This function is called by:
		_printf
		__doprnt
 This function uses a non-reentrant model


 *************** function _UART_Init *****************
 Defined at:
		line 34 in file "writeMsg.c"
 Parameters:    Size  Location     Type
  baudrate        4   14[COMRAM] const long 
 Auto vars:     Size  Location     Type
  x               2   22[COMRAM] unsigned int 
 Return value:  Size  Location     Type
                  1    wreg      void 
 Registers used:
		wreg, status,2, status,0, cstack
 Tracked objects:
		On entry : 
		On exit  : 
		Unchanged: 
 Data sizes:     COMRAM   BANK0   BANK1   BANK2   BANK3   BANK4   BANK5   BANK6   BANK7
      Params:         4       0       0       0       0       0       0       0       0
      Locals:         6       0       0       0       0       0       0       0       0
      Temps:          0       0       0       0       0       0       0       0       0
      Totals:        10       0       0       0       0       0       0       0       0
Total ram usage:       10 bytes
 Hardware stack levels used:    1
 Hardware stack levels required when called:    1
 This function calls:
		___aldiv
 This function is called by:
		_main
 This function uses a non-reentrant model


 *************** function ___aldiv *****************
 Defined at:
		line 8 in file "C:\Program Files (x86)\Microchip\xc8\v1.40\sources\common\aldiv.c"
 Parameters:    Size  Location     Type
  dividend        4    0[COMRAM] long 
  divisor         4    4[COMRAM] long 
 Auto vars:     Size  Location     Type
  quotient        4   10[COMRAM] long 
  sign            1    9[COMRAM] unsigned char 
  counter         1    8[COMRAM] unsigned char 
 Return value:  Size  Location     Type
                  4    0[COMRAM] long 
 Registers used:
		wreg, status,2, status,0
 Tracked objects:
		On entry : 
		On exit  : 
		Unchanged: 
 Data sizes:     COMRAM   BANK0   BANK1   BANK2   BANK3   BANK4   BANK5   BANK6   BANK7
      Params:         8       0       0       0       0       0       0       0       0
      Locals:         6       0       0       0       0       0       0       0       0
      Temps:          0       0       0       0       0       0       0       0       0
      Totals:        14       0       0       0       0       0       0       0       0
Total ram usage:       14 bytes
 Hardware stack levels used:    1
 This function calls:
		Nothing
 This function is called by:
		_UART_Init
 This function uses a non-reentrant model



MODULE INFORMATION

Module		Function		Class		Link	Load	Size
C:\Program Files (x86)\Microchip\xc8\v1.40\sources\common\doprnt.c
		__doprnt       		CODE           	72A8	0000	273

C:\Program Files (x86)\Microchip\xc8\v1.40\sources\common\doprnt.c estimated size: 273

shared
		__initialization		CODE           	6F9C	0000	3

shared estimated size: 3

C:\Program Files (x86)\Microchip\xc8\v1.40\sources\common\printf.c
		_printf        		CODE           	6FA8	0000	55

C:\Program Files (x86)\Microchip\xc8\v1.40\sources\common\printf.c estimated size: 55

C:\Program Files (x86)\Microchip\xc8\v1.40\sources\common\sprintf.c
		_sprintf       		CODE           	6FDE	0000	69

C:\Program Files (x86)\Microchip\xc8\v1.40\sources\common\sprintf.c estimated size: 69

writeMsg.c
		_putch         		CODE           	6F90	0000	13
		_UART_Init     		CODE           	707E	0000	119
		_main          		CODE           	7022	0000	93
		_encode_message		CODE           	71C0	0000	233

writeMsg.c estimated size: 458

C:\Program Files (x86)\Microchip\xc8\v1.40\sources\common\aldiv.c
		___aldiv       		CODE           	70F4	0000	205

C:\Program Files (x86)\Microchip\xc8\v1.40\sources\common\aldiv.c estimated size: 205

